0
aws s3 cp --acl public-read -- tests/fixtures/foo.txt s3://test/test/foo.txt
Upload exit code: 0
