0
aws s3 cp --acl public-read -- PLACEHOLDER s3://test/polkadot/gh-workflow/foo/123/PLACEHOLDER
Upload exit code: 0
