0
aws s3 rm s3://test/test/foo.txt
Deletion exit code: 0
