0
aws s3 cp --acl public-read -- PLACEHOLDER s3://test/polkadot/v0.9.30/PLACEHOLDER
Upload exit code: 0
