0
Downloading http://0.0.0.0:8000/foo.txt to /foo.txt
Uploading file: /foo.txt
Upload destination: test/foo.txt
Upload exit code: 0
