0
For input file: foo.txt
Downloading destination: test/foo.txt
Download exit code: 0
