0
aws s3 cp -- s3://test/test/foo.txt .
Download exit code: 0
