0
aws s3 cp --acl public-read -- PLACEHOLDER s3://test/test/PLACEHOLDER
Upload exit code: 0
