0
aws s3 cp --acl public-read -- tests/fixtures/foo.txt s3://bucket/foo.txt
Upload exit code: 0
